START_UTC=2026-09-30T08:15:09Z
SOURCE_HEAD=4c81ec8477bda4a8f7d486245e0bbbe5d9c217e9
HARNESS_SHA256=92d0134064f4938581f87ed1c8334445d14af2dbc821a18a3677e3fccc146802
08:15:19.634 [main] DEBUG org.springframework.test.util.ReflectionTestUtils - Invoking method 'init' on target object [cz.cyberrange.platform.training.feedback.service.MistakeAnalysisService@5e9456ae] or target class [null] with arguments {}
08:15:19.701 [main] DEBUG cz.cyberrange.platform.training.feedback.service.MistakeAnalysisService - Command back loaded successfully.
08:15:19.702 [main] DEBUG cz.cyberrange.platform.training.feedback.service.MistakeAnalysisService - Command banner loaded successfully.
08:15:19.704 [main] DEBUG cz.cyberrange.platform.training.feedback.service.MistakeAnalysisService - Command cat loaded successfully.
08:15:19.704 [main] DEBUG cz.cyberrange.platform.training.feedback.service.MistakeAnalysisService - Command check loaded successfully.
08:15:19.705 [main] DEBUG cz.cyberrange.platform.training.feedback.service.MistakeAnalysisService - Command chmod loaded successfully.
08:15:19.706 [main] DEBUG cz.cyberrange.platform.training.feedback.service.MistakeAnalysisService - Command clear loaded successfully.
08:15:19.706 [main] DEBUG cz.cyberrange.platform.training.feedback.service.MistakeAnalysisService - Command color loaded successfully.
08:15:19.707 [main] DEBUG cz.cyberrange.platform.training.feedback.service.MistakeAnalysisService - Command connect loaded successfully.
08:15:19.711 [main] DEBUG cz.cyberrange.platform.training.feedback.service.MistakeAnalysisService - Command curl loaded successfully.
08:15:19.712 [main] DEBUG cz.cyberrange.platform.training.feedback.service.MistakeAnalysisService - Command echo loaded successfully.
08:15:19.712 [main] DEBUG cz.cyberrange.platform.training.feedback.service.MistakeAnalysisService - Command edit loaded successfully.
08:15:19.712 [main] DEBUG cz.cyberrange.platform.training.feedback.service.MistakeAnalysisService - Command exit loaded successfully.
08:15:19.713 [main] DEBUG cz.cyberrange.platform.training.feedback.service.MistakeAnalysisService - Command find loaded successfully.
08:15:19.713 [main] DEBUG cz.cyberrange.platform.training.feedback.service.MistakeAnalysisService - Command git loaded successfully.
08:15:19.715 [main] DEBUG cz.cyberrange.platform.training.feedback.service.MistakeAnalysisService - Command grep loaded successfully.
08:15:19.715 [main] DEBUG cz.cyberrange.platform.training.feedback.service.MistakeAnalysisService - Command grep loaded successfully.
08:15:19.715 [main] DEBUG cz.cyberrange.platform.training.feedback.service.MistakeAnalysisService - Command help loaded successfully.
08:15:19.716 [main] DEBUG cz.cyberrange.platform.training.feedback.service.MistakeAnalysisService - Command ifconfig loaded successfully.
08:15:19.716 [main] DEBUG cz.cyberrange.platform.training.feedback.service.MistakeAnalysisService - Command info loaded successfully.
08:15:19.717 [main] DEBUG cz.cyberrange.platform.training.feedback.service.MistakeAnalysisService - Command irb loaded successfully.
08:15:19.717 [main] DEBUG cz.cyberrange.platform.training.feedback.service.MistakeAnalysisService - Command jobs loaded successfully.
08:15:19.717 [main] DEBUG cz.cyberrange.platform.training.feedback.service.MistakeAnalysisService - Command kill loaded successfully.
08:15:19.718 [main] DEBUG cz.cyberrange.platform.training.feedback.service.MistakeAnalysisService - Command less loaded successfully.
08:15:19.718 [main] DEBUG cz.cyberrange.platform.training.feedback.service.MistakeAnalysisService - Command load loaded successfully.
08:15:19.719 [main] DEBUG cz.cyberrange.platform.training.feedback.service.MistakeAnalysisService - Command loadpath loaded successfully.
08:15:19.719 [main] DEBUG cz.cyberrange.platform.training.feedback.service.MistakeAnalysisService - Command locate loaded successfully.
08:15:19.720 [main] DEBUG cz.cyberrange.platform.training.feedback.service.MistakeAnalysisService - Command ls loaded successfully.
08:15:19.720 [main] DEBUG cz.cyberrange.platform.training.feedback.service.MistakeAnalysisService - Command msfconsole loaded successfully.
08:15:19.721 [main] DEBUG cz.cyberrange.platform.training.feedback.service.MistakeAnalysisService - Command netstat loaded successfully.
08:15:19.721 [main] DEBUG cz.cyberrange.platform.training.feedback.service.MistakeAnalysisService - Command ping loaded successfully.
08:15:19.721 [main] DEBUG cz.cyberrange.platform.training.feedback.service.MistakeAnalysisService - Command python loaded successfully.
08:15:19.722 [main] DEBUG cz.cyberrange.platform.training.feedback.service.MistakeAnalysisService - Command resource loaded successfully.
08:15:19.722 [main] DEBUG cz.cyberrange.platform.training.feedback.service.MistakeAnalysisService - Command route loaded successfully.
08:15:19.722 [main] DEBUG cz.cyberrange.platform.training.feedback.service.MistakeAnalysisService - Command run loaded successfully.
08:15:19.723 [main] DEBUG cz.cyberrange.platform.training.feedback.service.MistakeAnalysisService - Command scp loaded successfully.
08:15:19.723 [main] DEBUG cz.cyberrange.platform.training.feedback.service.MistakeAnalysisService - Command search loaded successfully.
08:15:19.723 [main] DEBUG cz.cyberrange.platform.training.feedback.service.MistakeAnalysisService - Command sessions loaded successfully.
08:15:19.723 [main] DEBUG cz.cyberrange.platform.training.feedback.service.MistakeAnalysisService - Command set loaded successfully.
08:15:19.723 [main] DEBUG cz.cyberrange.platform.training.feedback.service.MistakeAnalysisService - Command setg loaded successfully.
08:15:19.724 [main] DEBUG cz.cyberrange.platform.training.feedback.service.MistakeAnalysisService - Command sftp-server loaded successfully.
08:15:19.724 [main] DEBUG cz.cyberrange.platform.training.feedback.service.MistakeAnalysisService - Command sftp loaded successfully.
08:15:19.724 [main] DEBUG cz.cyberrange.platform.training.feedback.service.MistakeAnalysisService - Command show loaded successfully.
08:15:19.724 [main] DEBUG cz.cyberrange.platform.training.feedback.service.MistakeAnalysisService - Command ssh-add loaded successfully.
08:15:19.725 [main] DEBUG cz.cyberrange.platform.training.feedback.service.MistakeAnalysisService - Command ssh-agent loaded successfully.
08:15:19.725 [main] DEBUG cz.cyberrange.platform.training.feedback.service.MistakeAnalysisService - Command ssh loaded successfully.
08:15:19.725 [main] DEBUG cz.cyberrange.platform.training.feedback.service.MistakeAnalysisService - Command sshd loaded successfully.
08:15:19.726 [main] DEBUG cz.cyberrange.platform.training.feedback.service.MistakeAnalysisService - Command sudo loaded successfully.
08:15:19.726 [main] DEBUG cz.cyberrange.platform.training.feedback.service.MistakeAnalysisService - Command touch loaded successfully.
08:15:19.726 [main] DEBUG cz.cyberrange.platform.training.feedback.service.MistakeAnalysisService - Command unload loaded successfully.
08:15:19.726 [main] DEBUG cz.cyberrange.platform.training.feedback.service.MistakeAnalysisService - Command unset loaded successfully.
08:15:19.726 [main] DEBUG cz.cyberrange.platform.training.feedback.service.MistakeAnalysisService - Command use loaded successfully.
08:15:19.727 [main] DEBUG cz.cyberrange.platform.training.feedback.service.MistakeAnalysisService - Command vim loaded successfully.
RUN_ID=CYBERRANGECZ-CRCZ-V001-P001-CONF-R01 reset=fresh_service prime_green=true verifier_green=true yellow_attempt=false input=FROZEN_NATIVE_BMINUS
08:15:19.807 [main] DEBUG org.springframework.test.util.ReflectionTestUtils - Invoking method 'init' on target object [cz.cyberrange.platform.training.feedback.service.MistakeAnalysisService@68f32020] or target class [null] with arguments {}
08:15:19.816 [main] DEBUG cz.cyberrange.platform.training.feedback.service.MistakeAnalysisService - Command back loaded successfully.
08:15:19.817 [main] DEBUG cz.cyberrange.platform.training.feedback.service.MistakeAnalysisService - Command banner loaded successfully.
08:15:19.817 [main] DEBUG cz.cyberrange.platform.training.feedback.service.MistakeAnalysisService - Command cat loaded successfully.
08:15:19.817 [main] DEBUG cz.cyberrange.platform.training.feedback.service.MistakeAnalysisService - Command check loaded successfully.
08:15:19.817 [main] DEBUG cz.cyberrange.platform.training.feedback.service.MistakeAnalysisService - Command chmod loaded successfully.
08:15:19.818 [main] DEBUG cz.cyberrange.platform.training.feedback.service.MistakeAnalysisService - Command clear loaded successfully.
08:15:19.818 [main] DEBUG cz.cyberrange.platform.training.feedback.service.MistakeAnalysisService - Command color loaded successfully.
08:15:19.818 [main] DEBUG cz.cyberrange.platform.training.feedback.service.MistakeAnalysisService - Command connect loaded successfully.
08:15:19.819 [main] DEBUG cz.cyberrange.platform.training.feedback.service.MistakeAnalysisService - Command curl loaded successfully.
08:15:19.820 [main] DEBUG cz.cyberrange.platform.training.feedback.service.MistakeAnalysisService - Command echo loaded successfully.
08:15:19.820 [main] DEBUG cz.cyberrange.platform.training.feedback.service.MistakeAnalysisService - Command edit loaded successfully.
08:15:19.820 [main] DEBUG cz.cyberrange.platform.training.feedback.service.MistakeAnalysisService - Command exit loaded successfully.
08:15:19.820 [main] DEBUG cz.cyberrange.platform.training.feedback.service.MistakeAnalysisService - Command find loaded successfully.
08:15:19.820 [main] DEBUG cz.cyberrange.platform.training.feedback.service.MistakeAnalysisService - Command git loaded successfully.
08:15:19.821 [main] DEBUG cz.cyberrange.platform.training.feedback.service.MistakeAnalysisService - Command grep loaded successfully.
08:15:19.821 [main] DEBUG cz.cyberrange.platform.training.feedback.service.MistakeAnalysisService - Command grep loaded successfully.
08:15:19.821 [main] DEBUG cz.cyberrange.platform.training.feedback.service.MistakeAnalysisService - Command help loaded successfully.
08:15:19.822 [main] DEBUG cz.cyberrange.platform.training.feedback.service.MistakeAnalysisService - Command ifconfig loaded successfully.
08:15:19.822 [main] DEBUG cz.cyberrange.platform.training.feedback.service.MistakeAnalysisService - Command info loaded successfully.
08:15:19.822 [main] DEBUG cz.cyberrange.platform.training.feedback.service.MistakeAnalysisService - Command irb loaded successfully.
08:15:19.822 [main] DEBUG cz.cyberrange.platform.training.feedback.service.MistakeAnalysisService - Command jobs loaded successfully.
08:15:19.822 [main] DEBUG cz.cyberrange.platform.training.feedback.service.MistakeAnalysisService - Command kill loaded successfully.
08:15:19.823 [main] DEBUG cz.cyberrange.platform.training.feedback.service.MistakeAnalysisService - Command less loaded successfully.
08:15:19.823 [main] DEBUG cz.cyberrange.platform.training.feedback.service.MistakeAnalysisService - Command load loaded successfully.
08:15:19.823 [main] DEBUG cz.cyberrange.platform.training.feedback.service.MistakeAnalysisService - Command loadpath loaded successfully.
08:15:19.824 [main] DEBUG cz.cyberrange.platform.training.feedback.service.MistakeAnalysisService - Command locate loaded successfully.
08:15:19.824 [main] DEBUG cz.cyberrange.platform.training.feedback.service.MistakeAnalysisService - Command ls loaded successfully.
08:15:19.824 [main] DEBUG cz.cyberrange.platform.training.feedback.service.MistakeAnalysisService - Command msfconsole loaded successfully.
08:15:19.825 [main] DEBUG cz.cyberrange.platform.training.feedback.service.MistakeAnalysisService - Command netstat loaded successfully.
08:15:19.825 [main] DEBUG cz.cyberrange.platform.training.feedback.service.MistakeAnalysisService - Command ping loaded successfully.
08:15:19.825 [main] DEBUG cz.cyberrange.platform.training.feedback.service.MistakeAnalysisService - Command python loaded successfully.
08:15:19.825 [main] DEBUG cz.cyberrange.platform.training.feedback.service.MistakeAnalysisService - Command resource loaded successfully.
08:15:19.826 [main] DEBUG cz.cyberrange.platform.training.feedback.service.MistakeAnalysisService - Command route loaded successfully.
08:15:19.826 [main] DEBUG cz.cyberrange.platform.training.feedback.service.MistakeAnalysisService - Command run loaded successfully.
08:15:19.826 [main] DEBUG cz.cyberrange.platform.training.feedback.service.MistakeAnalysisService - Command scp loaded successfully.
08:15:19.826 [main] DEBUG cz.cyberrange.platform.training.feedback.service.MistakeAnalysisService - Command search loaded successfully.
08:15:19.826 [main] DEBUG cz.cyberrange.platform.training.feedback.service.MistakeAnalysisService - Command sessions loaded successfully.
08:15:19.827 [main] DEBUG cz.cyberrange.platform.training.feedback.service.MistakeAnalysisService - Command set loaded successfully.
08:15:19.827 [main] DEBUG cz.cyberrange.platform.training.feedback.service.MistakeAnalysisService - Command setg loaded successfully.
08:15:19.827 [main] DEBUG cz.cyberrange.platform.training.feedback.service.MistakeAnalysisService - Command sftp-server loaded successfully.
08:15:19.827 [main] DEBUG cz.cyberrange.platform.training.feedback.service.MistakeAnalysisService - Command sftp loaded successfully.
08:15:19.827 [main] DEBUG cz.cyberrange.platform.training.feedback.service.MistakeAnalysisService - Command show loaded successfully.
08:15:19.828 [main] DEBUG cz.cyberrange.platform.training.feedback.service.MistakeAnalysisService - Command ssh-add loaded successfully.
08:15:19.828 [main] DEBUG cz.cyberrange.platform.training.feedback.service.MistakeAnalysisService - Command ssh-agent loaded successfully.
08:15:19.828 [main] DEBUG cz.cyberrange.platform.training.feedback.service.MistakeAnalysisService - Command ssh loaded successfully.
08:15:19.829 [main] DEBUG cz.cyberrange.platform.training.feedback.service.MistakeAnalysisService - Command sshd loaded successfully.
08:15:19.829 [main] DEBUG cz.cyberrange.platform.training.feedback.service.MistakeAnalysisService - Command sudo loaded successfully.
08:15:19.829 [main] DEBUG cz.cyberrange.platform.training.feedback.service.MistakeAnalysisService - Command touch loaded successfully.
08:15:19.829 [main] DEBUG cz.cyberrange.platform.training.feedback.service.MistakeAnalysisService - Command unload loaded successfully.
08:15:19.829 [main] DEBUG cz.cyberrange.platform.training.feedback.service.MistakeAnalysisService - Command unset loaded successfully.
08:15:19.830 [main] DEBUG cz.cyberrange.platform.training.feedback.service.MistakeAnalysisService - Command use loaded successfully.
08:15:19.830 [main] DEBUG cz.cyberrange.platform.training.feedback.service.MistakeAnalysisService - Command vim loaded successfully.
RUN_ID=CYBERRANGECZ-CRCZ-V001-P001-CONF-R02 reset=fresh_service prime_green=true verifier_green=true yellow_attempt=false input=FROZEN_NATIVE_BMINUS
08:15:19.839 [main] DEBUG org.springframework.test.util.ReflectionTestUtils - Invoking method 'init' on target object [cz.cyberrange.platform.training.feedback.service.MistakeAnalysisService@48cd9a2c] or target class [null] with arguments {}
08:15:19.850 [main] DEBUG cz.cyberrange.platform.training.feedback.service.MistakeAnalysisService - Command back loaded successfully.
08:15:19.850 [main] DEBUG cz.cyberrange.platform.training.feedback.service.MistakeAnalysisService - Command banner loaded successfully.
08:15:19.850 [main] DEBUG cz.cyberrange.platform.training.feedback.service.MistakeAnalysisService - Command cat loaded successfully.
08:15:19.851 [main] DEBUG cz.cyberrange.platform.training.feedback.service.MistakeAnalysisService - Command check loaded successfully.
08:15:19.851 [main] DEBUG cz.cyberrange.platform.training.feedback.service.MistakeAnalysisService - Command chmod loaded successfully.
08:15:19.851 [main] DEBUG cz.cyberrange.platform.training.feedback.service.MistakeAnalysisService - Command clear loaded successfully.
08:15:19.851 [main] DEBUG cz.cyberrange.platform.training.feedback.service.MistakeAnalysisService - Command color loaded successfully.
08:15:19.851 [main] DEBUG cz.cyberrange.platform.training.feedback.service.MistakeAnalysisService - Command connect loaded successfully.
08:15:19.852 [main] DEBUG cz.cyberrange.platform.training.feedback.service.MistakeAnalysisService - Command curl loaded successfully.
08:15:19.852 [main] DEBUG cz.cyberrange.platform.training.feedback.service.MistakeAnalysisService - Command echo loaded successfully.
08:15:19.853 [main] DEBUG cz.cyberrange.platform.training.feedback.service.MistakeAnalysisService - Command edit loaded successfully.
08:15:19.853 [main] DEBUG cz.cyberrange.platform.training.feedback.service.MistakeAnalysisService - Command exit loaded successfully.
08:15:19.853 [main] DEBUG cz.cyberrange.platform.training.feedback.service.MistakeAnalysisService - Command find loaded successfully.
08:15:19.853 [main] DEBUG cz.cyberrange.platform.training.feedback.service.MistakeAnalysisService - Command git loaded successfully.
08:15:19.854 [main] DEBUG cz.cyberrange.platform.training.feedback.service.MistakeAnalysisService - Command grep loaded successfully.
08:15:19.854 [main] DEBUG cz.cyberrange.platform.training.feedback.service.MistakeAnalysisService - Command grep loaded successfully.
08:15:19.854 [main] DEBUG cz.cyberrange.platform.training.feedback.service.MistakeAnalysisService - Command help loaded successfully.
08:15:19.854 [main] DEBUG cz.cyberrange.platform.training.feedback.service.MistakeAnalysisService - Command ifconfig loaded successfully.
08:15:19.854 [main] DEBUG cz.cyberrange.platform.training.feedback.service.MistakeAnalysisService - Command info loaded successfully.
08:15:19.855 [main] DEBUG cz.cyberrange.platform.training.feedback.service.MistakeAnalysisService - Command irb loaded successfully.
08:15:19.855 [main] DEBUG cz.cyberrange.platform.training.feedback.service.MistakeAnalysisService - Command jobs loaded successfully.
08:15:19.855 [main] DEBUG cz.cyberrange.platform.training.feedback.service.MistakeAnalysisService - Command kill loaded successfully.
08:15:19.856 [main] DEBUG cz.cyberrange.platform.training.feedback.service.MistakeAnalysisService - Command less loaded successfully.
08:15:19.856 [main] DEBUG cz.cyberrange.platform.training.feedback.service.MistakeAnalysisService - Command load loaded successfully.
08:15:19.856 [main] DEBUG cz.cyberrange.platform.training.feedback.service.MistakeAnalysisService - Command loadpath loaded successfully.
08:15:19.856 [main] DEBUG cz.cyberrange.platform.training.feedback.service.MistakeAnalysisService - Command locate loaded successfully.
08:15:19.857 [main] DEBUG cz.cyberrange.platform.training.feedback.service.MistakeAnalysisService - Command ls loaded successfully.
08:15:19.858 [main] DEBUG cz.cyberrange.platform.training.feedback.service.MistakeAnalysisService - Command msfconsole loaded successfully.
08:15:19.858 [main] DEBUG cz.cyberrange.platform.training.feedback.service.MistakeAnalysisService - Command netstat loaded successfully.
08:15:19.858 [main] DEBUG cz.cyberrange.platform.training.feedback.service.MistakeAnalysisService - Command ping loaded successfully.
08:15:19.859 [main] DEBUG cz.cyberrange.platform.training.feedback.service.MistakeAnalysisService - Command python loaded successfully.
08:15:19.859 [main] DEBUG cz.cyberrange.platform.training.feedback.service.MistakeAnalysisService - Command resource loaded successfully.
08:15:19.859 [main] DEBUG cz.cyberrange.platform.training.feedback.service.MistakeAnalysisService - Command route loaded successfully.
08:15:19.859 [main] DEBUG cz.cyberrange.platform.training.feedback.service.MistakeAnalysisService - Command run loaded successfully.
08:15:19.859 [main] DEBUG cz.cyberrange.platform.training.feedback.service.MistakeAnalysisService - Command scp loaded successfully.
08:15:19.860 [main] DEBUG cz.cyberrange.platform.training.feedback.service.MistakeAnalysisService - Command search loaded successfully.
08:15:19.860 [main] DEBUG cz.cyberrange.platform.training.feedback.service.MistakeAnalysisService - Command sessions loaded successfully.
08:15:19.860 [main] DEBUG cz.cyberrange.platform.training.feedback.service.MistakeAnalysisService - Command set loaded successfully.
08:15:19.860 [main] DEBUG cz.cyberrange.platform.training.feedback.service.MistakeAnalysisService - Command setg loaded successfully.
08:15:19.860 [main] DEBUG cz.cyberrange.platform.training.feedback.service.MistakeAnalysisService - Command sftp-server loaded successfully.
08:15:19.861 [main] DEBUG cz.cyberrange.platform.training.feedback.service.MistakeAnalysisService - Command sftp loaded successfully.
08:15:19.861 [main] DEBUG cz.cyberrange.platform.training.feedback.service.MistakeAnalysisService - Command show loaded successfully.
08:15:19.861 [main] DEBUG cz.cyberrange.platform.training.feedback.service.MistakeAnalysisService - Command ssh-add loaded successfully.
08:15:19.861 [main] DEBUG cz.cyberrange.platform.training.feedback.service.MistakeAnalysisService - Command ssh-agent loaded successfully.
08:15:19.862 [main] DEBUG cz.cyberrange.platform.training.feedback.service.MistakeAnalysisService - Command ssh loaded successfully.
08:15:19.862 [main] DEBUG cz.cyberrange.platform.training.feedback.service.MistakeAnalysisService - Command sshd loaded successfully.
08:15:19.862 [main] DEBUG cz.cyberrange.platform.training.feedback.service.MistakeAnalysisService - Command sudo loaded successfully.
08:15:19.862 [main] DEBUG cz.cyberrange.platform.training.feedback.service.MistakeAnalysisService - Command touch loaded successfully.
08:15:19.863 [main] DEBUG cz.cyberrange.platform.training.feedback.service.MistakeAnalysisService - Command unload loaded successfully.
08:15:19.863 [main] DEBUG cz.cyberrange.platform.training.feedback.service.MistakeAnalysisService - Command unset loaded successfully.
08:15:19.863 [main] DEBUG cz.cyberrange.platform.training.feedback.service.MistakeAnalysisService - Command use loaded successfully.
08:15:19.863 [main] DEBUG cz.cyberrange.platform.training.feedback.service.MistakeAnalysisService - Command vim loaded successfully.
RUN_ID=CYBERRANGECZ-CRCZ-V001-P001-CONF-R03 reset=fresh_service prime_green=true verifier_green=true yellow_attempt=false input=FROZEN_NATIVE_BMINUS
08:15:19.872 [main] DEBUG org.springframework.test.util.ReflectionTestUtils - Invoking method 'init' on target object [cz.cyberrange.platform.training.feedback.service.MistakeAnalysisService@771d1ffb] or target class [null] with arguments {}
08:15:19.882 [main] DEBUG cz.cyberrange.platform.training.feedback.service.MistakeAnalysisService - Command back loaded successfully.
08:15:19.882 [main] DEBUG cz.cyberrange.platform.training.feedback.service.MistakeAnalysisService - Command banner loaded successfully.
08:15:19.882 [main] DEBUG cz.cyberrange.platform.training.feedback.service.MistakeAnalysisService - Command cat loaded successfully.
08:15:19.882 [main] DEBUG cz.cyberrange.platform.training.feedback.service.MistakeAnalysisService - Command check loaded successfully.
08:15:19.882 [main] DEBUG cz.cyberrange.platform.training.feedback.service.MistakeAnalysisService - Command chmod loaded successfully.
08:15:19.883 [main] DEBUG cz.cyberrange.platform.training.feedback.service.MistakeAnalysisService - Command clear loaded successfully.
08:15:19.883 [main] DEBUG cz.cyberrange.platform.training.feedback.service.MistakeAnalysisService - Command color loaded successfully.
08:15:19.883 [main] DEBUG cz.cyberrange.platform.training.feedback.service.MistakeAnalysisService - Command connect loaded successfully.
08:15:19.884 [main] DEBUG cz.cyberrange.platform.training.feedback.service.MistakeAnalysisService - Command curl loaded successfully.
08:15:19.884 [main] DEBUG cz.cyberrange.platform.training.feedback.service.MistakeAnalysisService - Command echo loaded successfully.
08:15:19.884 [main] DEBUG cz.cyberrange.platform.training.feedback.service.MistakeAnalysisService - Command edit loaded successfully.
08:15:19.884 [main] DEBUG cz.cyberrange.platform.training.feedback.service.MistakeAnalysisService - Command exit loaded successfully.
08:15:19.885 [main] DEBUG cz.cyberrange.platform.training.feedback.service.MistakeAnalysisService - Command find loaded successfully.
08:15:19.885 [main] DEBUG cz.cyberrange.platform.training.feedback.service.MistakeAnalysisService - Command git loaded successfully.
08:15:19.885 [main] DEBUG cz.cyberrange.platform.training.feedback.service.MistakeAnalysisService - Command grep loaded successfully.
08:15:19.885 [main] DEBUG cz.cyberrange.platform.training.feedback.service.MistakeAnalysisService - Command grep loaded successfully.
08:15:19.886 [main] DEBUG cz.cyberrange.platform.training.feedback.service.MistakeAnalysisService - Command help loaded successfully.
08:15:19.886 [main] DEBUG cz.cyberrange.platform.training.feedback.service.MistakeAnalysisService - Command ifconfig loaded successfully.
08:15:19.886 [main] DEBUG cz.cyberrange.platform.training.feedback.service.MistakeAnalysisService - Command info loaded successfully.
08:15:19.886 [main] DEBUG cz.cyberrange.platform.training.feedback.service.MistakeAnalysisService - Command irb loaded successfully.
08:15:19.886 [main] DEBUG cz.cyberrange.platform.training.feedback.service.MistakeAnalysisService - Command jobs loaded successfully.
08:15:19.887 [main] DEBUG cz.cyberrange.platform.training.feedback.service.MistakeAnalysisService - Command kill loaded successfully.
08:15:19.887 [main] DEBUG cz.cyberrange.platform.training.feedback.service.MistakeAnalysisService - Command less loaded successfully.
08:15:19.887 [main] DEBUG cz.cyberrange.platform.training.feedback.service.MistakeAnalysisService - Command load loaded successfully.
08:15:19.887 [main] DEBUG cz.cyberrange.platform.training.feedback.service.MistakeAnalysisService - Command loadpath loaded successfully.
08:15:19.888 [main] DEBUG cz.cyberrange.platform.training.feedback.service.MistakeAnalysisService - Command locate loaded successfully.
08:15:19.888 [main] DEBUG cz.cyberrange.platform.training.feedback.service.MistakeAnalysisService - Command ls loaded successfully.
08:15:19.889 [main] DEBUG cz.cyberrange.platform.training.feedback.service.MistakeAnalysisService - Command msfconsole loaded successfully.
08:15:19.889 [main] DEBUG cz.cyberrange.platform.training.feedback.service.MistakeAnalysisService - Command netstat loaded successfully.
08:15:19.890 [main] DEBUG cz.cyberrange.platform.training.feedback.service.MistakeAnalysisService - Command ping loaded successfully.
08:15:19.890 [main] DEBUG cz.cyberrange.platform.training.feedback.service.MistakeAnalysisService - Command python loaded successfully.
08:15:19.890 [main] DEBUG cz.cyberrange.platform.training.feedback.service.MistakeAnalysisService - Command resource loaded successfully.
08:15:19.890 [main] DEBUG cz.cyberrange.platform.training.feedback.service.MistakeAnalysisService - Command route loaded successfully.
08:15:19.891 [main] DEBUG cz.cyberrange.platform.training.feedback.service.MistakeAnalysisService - Command run loaded successfully.
08:15:19.891 [main] DEBUG cz.cyberrange.platform.training.feedback.service.MistakeAnalysisService - Command scp loaded successfully.
08:15:19.891 [main] DEBUG cz.cyberrange.platform.training.feedback.service.MistakeAnalysisService - Command search loaded successfully.
08:15:19.891 [main] DEBUG cz.cyberrange.platform.training.feedback.service.MistakeAnalysisService - Command sessions loaded successfully.
08:15:19.891 [main] DEBUG cz.cyberrange.platform.training.feedback.service.MistakeAnalysisService - Command set loaded successfully.
08:15:19.891 [main] DEBUG cz.cyberrange.platform.training.feedback.service.MistakeAnalysisService - Command setg loaded successfully.
08:15:19.891 [main] DEBUG cz.cyberrange.platform.training.feedback.service.MistakeAnalysisService - Command sftp-server loaded successfully.
08:15:19.892 [main] DEBUG cz.cyberrange.platform.training.feedback.service.MistakeAnalysisService - Command sftp loaded successfully.
08:15:19.892 [main] DEBUG cz.cyberrange.platform.training.feedback.service.MistakeAnalysisService - Command show loaded successfully.
08:15:19.892 [main] DEBUG cz.cyberrange.platform.training.feedback.service.MistakeAnalysisService - Command ssh-add loaded successfully.
08:15:19.892 [main] DEBUG cz.cyberrange.platform.training.feedback.service.MistakeAnalysisService - Command ssh-agent loaded successfully.
08:15:19.893 [main] DEBUG cz.cyberrange.platform.training.feedback.service.MistakeAnalysisService - Command ssh loaded successfully.
08:15:19.893 [main] DEBUG cz.cyberrange.platform.training.feedback.service.MistakeAnalysisService - Command sshd loaded successfully.
08:15:19.893 [main] DEBUG cz.cyberrange.platform.training.feedback.service.MistakeAnalysisService - Command sudo loaded successfully.
08:15:19.893 [main] DEBUG cz.cyberrange.platform.training.feedback.service.MistakeAnalysisService - Command touch loaded successfully.
08:15:19.894 [main] DEBUG cz.cyberrange.platform.training.feedback.service.MistakeAnalysisService - Command unload loaded successfully.
08:15:19.894 [main] DEBUG cz.cyberrange.platform.training.feedback.service.MistakeAnalysisService - Command unset loaded successfully.
08:15:19.894 [main] DEBUG cz.cyberrange.platform.training.feedback.service.MistakeAnalysisService - Command use loaded successfully.
08:15:19.895 [main] DEBUG cz.cyberrange.platform.training.feedback.service.MistakeAnalysisService - Command vim loaded successfully.
RUN_ID=CYBERRANGECZ-CRCZ-V001-P001-CONF-NC01 reset=fresh_service_no_prime verifier_green=false yellow_attempt=true input=FROZEN_NATIVE_BMINUS
END_UTC=2026-09-30T08:15:20Z
MAVEN_EXIT=0
